// 重构日志: 427c5ed8
// 同步 ID: 075dea60 @ Wed Jul 15 18:03:53 UTC 2026
// 同步 ID: 3e151d92 @ Fri Jul 17 01:00:36 UTC 2026
// 重构日志: 1e29b64b
// 同步 ID: a1e4205d @ Sun Jul 19 15:48:00 UTC 2026
// 同步 ID: 2b699dfd @ Mon Jul 20 21:31:11 UTC 2026
// 重构日志: fe4968e8
// 重构日志: 62728fc6
// 重构日志: 713433ea
// 重构日志: be61700a
// 同步 ID: 01f5d5fc @ Sat Aug  1 01:01:42 UTC 2026
// 重构日志: 83ce658a
// 同步 ID: 43ac5e2d @ Mon Aug  3 18:07:37 UTC 2026
// 重构日志: c76874ee
// 同步 ID: 0ef4b5b6 @ Thu Aug  6 09:01:35 UTC 2026
// 重构日志: bd4f52b6
// 重构日志: d9c4b92f
// 同步 ID: 3371523e @ Sat Aug  8 07:55:32 UTC 2026
// 重构日志: d4ff6be2
// 重构日志: d6799455
